// Jest Snapshot v1, https://goo.gl/fbAQLP

exports[`Query.fetch_skin_by_md5 (debug data) 1`] = `
{
  "fetch_skin_by_md5": {
    "archive_files": [
      {
        "date": "2000-05-08T07:44:52.000Z",
        "file_md5": "a_fake_file_md5",
        "filename": "a_fake_archive_file.bmp",
        "is_directory": false,
        "size": null,
        "skin": {
          "md5": "a_fake_md5",
        },
        "text_content": null,
        "url": "https://zip-worker.jordan1320.workers.dev/zip/a_fake_md5.wsz/a_fake_archive_file.bmp",
      },
    ],
    "average_color": null,
    "download_url": "https://r2.webampskins.org/skins/a_fake_md5.wsz",
    "filename": "path.wsz",
    "id": "Q2xhc3NpY1NraW5fX2FfZmFrZV9tZDU=",
    "internet_archive_item": {
      "identifier": "a_fake_ia_identifier",
      "metadata_url": "https://archive.org/metadata/a_fake_ia_identifier",
      "raw_metadata_json": null,
      "skin": {
        "md5": "a_fake_md5",
      },
      "url": "https://archive.org/details/a_fake_ia_identifier",
    },
    "md5": "a_fake_md5",
    "museum_url": "https://skins.webamp.org/skin/a_fake_md5",
    "nsfw": false,
    "readme_text": null,
    "reviews": [],
    "screenshot_url": "https://r2.webampskins.org/screenshots/a_fake_md5.png",
    "tweeted": false,
    "tweets": [],
    "webamp_url": "https://webamp.org?skinUrl=https://r2.webampskins.org/skins/a_fake_md5.wsz",
  },
}
`;
